Component: ARM Compiler 5.05 update 1 (build 106) Tool: armlink [4d0efa]

==============================================================================

Section Cross References

    system_mk66.o(i.SYSTEM_CLK) refers to system_mk66.o(i.div_set) for div_set
    system_mk66.o(i.Start) refers to system_mk66.o(i.Disable_Wdog) for Disable_Wdog
    system_mk66.o(i.Start) refers to system_mk66.o(i.SYSTEM_CLK) for SYSTEM_CLK
    system_mk66.o(i.Start) refers to gpio.o(i.gpio_init) for gpio_init
    sd_storage.o(i.Get_SendData) refers to sd_storage.o(i.My_floattoint32) for My_floattoint32
    sd_storage.o(i.Get_SendData) refers to sd_storage.o(.bss) for My_Send_Data
    sd_storage.o(i.Get_SendData) refers to sonyccd.o(.bss) for P_Pixels
    sd_storage.o(i.Get_SendData) refers to process.o(.bss) for L_black
    sd_storage.o(i.My_Data_Give) refers to process.o(.data) for aim
    sd_storage.o(i.My_Data_Give) refers to sd_storage.o(.bss) for my_car_data
    sd_storage.o(i.My_Data_Give) refers to pidcontrol.o(.data) for pwm
    sd_storage.o(i.My_Data_Give) refers to l3g4200d.o(.data) for Gyro_Y
    sd_storage.o(i.My_Data_Uart_Init) refers to uart.o(i.uart_init) for uart_init
    sd_storage.o(i.My_Data_Uart_Init) refers to dma_old.o(i.DMA_Init) for DMA_Init
    sd_storage.o(i.My_Data_Uart_Init) refers to sd_storage.o(.bss) for My_Send_Data
    sd_storage.o(i.My_Lines_Pack) refers to process.o(.bss) for L_black
    sd_storage.o(i.My_Lines_Pack) refers to sd_storage.o(.bss) for my_lines
    sd_storage.o(i.My_Lines_UnPack) refers to sd_storage.o(.bss) for my_lines
    sd_storage.o(i.My_Lines_UnPack) refers to process.o(.bss) for L_black
    sd_storage.o(i.My_LiveTransfer) refers to sd_storage.o(i.My_Data_Give) for My_Data_Give
    sd_storage.o(i.My_LiveTransfer) refers to sd_storage.o(i.Get_SendData) for Get_SendData
    sd_storage.o(i.My_LiveTransfer) refers to sd_storage.o(i.Send_to_Computer) for Send_to_Computer
    sd_storage.o(i.My_SdCard_Init) refers to sdhc.o(i.sdhc_initcard_40) for sdhc_initcard_40
    sd_storage.o(i.My_SdCard_Init) refers to sd_yaoxin.o(i.SD_ManyWT_Init) for SD_ManyWT_Init
    sd_storage.o(i.My_SdCard_Read) refers to sdhc.o(i.sdhc_readblocks) for sdhc_readblocks
    sd_storage.o(i.My_SdCard_Read) refers to sd_storage.o(i.My_Lines_UnPack) for My_Lines_UnPack
    sd_storage.o(i.My_SdCard_Read) refers to sd_storage.o(i.Get_SendData) for Get_SendData
    sd_storage.o(i.My_SdCard_Read) refers to sd_storage.o(i.Send_to_Computer) for Send_to_Computer
    sd_storage.o(i.My_SdCard_Read) refers to sd_storage.o(.data) for my_blockNum
    sd_storage.o(i.My_SdCard_Read) refers to sd_storage.o(.bss) for Pixels_zip
    sd_storage.o(i.My_SdCard_Read) refers to sonyccd.o(.bss) for P_Pixels
    sd_storage.o(i.My_SdCard_Save) refers to sd_storage.o(i.My_Data_Give) for My_Data_Give
    sd_storage.o(i.My_SdCard_Save) refers to sd_storage.o(i.My_Lines_Pack) for My_Lines_Pack
    sd_storage.o(i.My_SdCard_Save) refers to sd_yaoxin.o(i.SD_Many_Write) for SD_Many_Write
    sd_storage.o(i.My_SdCard_Save) refers to sd_storage.o(.bss) for Pixels_zip
    sd_storage.o(i.My_SdCard_Save) refers to sonyccd.o(.bss) for P_Pixels
    sd_storage.o(i.My_Tranfer_Init) refers to uart.o(i.uart_init) for uart_init
    sd_storage.o(i.My_Tranfer_Init) refers to sd_storage.o(i.My_Data_Uart_Init) for My_Data_Uart_Init
    sd_storage.o(i.Send_to_Computer) refers to dma_old.o(i.DMA_IsComplete) for DMA_IsComplete
    sd_storage.o(i.Send_to_Computer) refers to sd_storage.o(.bss) for My_Send_Data
    key.o(i.KEY_Init) refers to gpio.o(i.gpio_init) for gpio_init
    key.o(i.KEY_Init) refers to ftm.o(i.ftm_pwm_init) for ftm_pwm_init
    key.o(i.KEY_Init) refers to dmacnt.o(i.DMACNT_Init) for DMACNT_Init
    key.o(i.KEY_Init) refers to data.o(.data) for zhong
    main.o(i.main) refers to common.o(i.get_clk) for get_clk
    main.o(i.main) refers to oled.o(i.OLED_Init) for OLED_Init
    main.o(i.main) refers to gpio.o(i.gpio_init) for gpio_init
    main.o(i.main) refers to key.o(i.buzzer_Init) for buzzer_Init
    main.o(i.main) refers to key.o(i.KEY_Init) for KEY_Init
    main.o(i.main) refers to menu.o(i.menu) for menu
    main.o(i.main) refers to imu_iic.o(i.IMU_IIC_Init) for IMU_IIC_Init
    main.o(i.main) refers to l3g4200d.o(i.L3G4200D_Init) for L3G4200D_Init
    main.o(i.main) refers to oled.o(i.OLED_Write_String) for OLED_Write_String
    main.o(i.main) refers to systick.o(i.systick_delay_ms) for systick_delay_ms
    main.o(i.main) refers to oled.o(i.OLED_Clear) for OLED_Clear
    main.o(i.main) refers to menu.o(i.mode1) for mode1
    main.o(i.main) refers to menu.o(i.mode2) for mode2
    main.o(i.main) refers to menu.o(i.mode3) for mode3
    main.o(i.main) refers to menu.o(i.mode4) for mode4
    main.o(i.main) refers to menu.o(i.mode5) for mode5
    main.o(i.main) refers to menu.o(i.mode6) for mode6
    main.o(i.main) refers to data.o(.data) for dianbo_switch
    main.o(i.main) refers to menu.o(.data) for startstart
[...]
    _clock_init                               - Undefined Weak Reference
    _microlib_exit                            - Undefined Weak Reference
    __Vectors_End                            0x00000400   Data           0  startup_mk66f18.o(RESET)
    __Vectors_Size                           0x00000400   Number         0  startup_mk66f18.o ABSOLUTE
    __main                                   0x00000411   Thumb Code     0  entry.o(.ARM.Collect$$$$00000000)
    _main_stk                                0x00000411   Thumb Code     0  entry2.o(.ARM.Collect$$$$00000001)
    _main_scatterload                        0x00000415   Thumb Code     0  entry5.o(.ARM.Collect$$$$00000004)
    __main_after_scatterload                 0x00000419   Thumb Code     0  entry5.o(.ARM.Collect$$$$00000004)
    _main_clock                              0x00000419   Thumb Code     0  entry7b.o(.ARM.Collect$$$$00000008)
    _main_cpp_init                           0x00000419   Thumb Code     0  entry8b.o(.ARM.Collect$$$$0000000A)
    _main_init                               0x00000419   Thumb Code     0  entry9a.o(.ARM.Collect$$$$0000000B)
    __rt_final_cpp                           0x00000421   Thumb Code     0  entry10a.o(.ARM.Collect$$$$0000000D)
    __rt_final_exit                          0x00000421   Thumb Code     0  entry11a.o(.ARM.Collect$$$$0000000F)
    wait                                     0x00000425   Thumb Code     2  isr.o(.emb_text)
    Reset_Handler                            0x00000429   Thumb Code    12  startup_mk66f18.o(.text)
    SVC_Handler                              0x0000043f   Thumb Code     2  startup_mk66f18.o(.text)
    DebugMon_Handler                         0x00000441   Thumb Code     2  startup_mk66f18.o(.text)
    PendSV_Handler                           0x00000443   Thumb Code     2  startup_mk66f18.o(.text)
    SysTick_Handler                          0x00000445   Thumb Code     2  startup_mk66f18.o(.text)
    ADC0_IRQHandler                          0x00000447   Thumb Code     0  startup_mk66f18.o(.text)
    ADC1_IRQHandler                          0x00000447   Thumb Code     0  startup_mk66f18.o(.text)
    CAN0_Bus_Off_IRQHandler                  0x00000447   Thumb Code     0  startup_mk66f18.o(.text)
    CAN0_Error_IRQHandler                    0x00000447   Thumb Code     0  startup_mk66f18.o(.text)
    CAN0_ORed_Message_buffer_IRQHandler      0x00000447   Thumb Code     0  startup_mk66f18.o(.text)
    CAN0_Rx_Warning_IRQHandler               0x00000447   Thumb Code     0  startup_mk66f18.o(.text)
    CAN0_Tx_Warning_IRQHandler               0x00000447   Thumb Code     0  startup_mk66f18.o(.text)
    CAN0_Wake_Up_IRQHandler                  0x00000447   Thumb Code     0  startup_mk66f18.o(.text)
    CAN1_Bus_Off_IRQHandler                  0x00000447   Thumb Code     0  startup_mk66f18.o(.text)
    CAN1_Error_IRQHandler                    0x00000447   Thumb Code     0  startup_mk66f18.o(.text)
    CAN1_ORed_Message_buffer_IRQHandler      0x00000447   Thumb Code     0  startup_mk66f18.o(.text)
    CAN1_Rx_Warning_IRQHandler               0x00000447   Thumb Code     0  startup_mk66f18.o(.text)
    CAN1_Tx_Warning_IRQHandler               0x00000447   Thumb Code     0  startup_mk66f18.o(.text)
    CAN1_Wake_Up_IRQHandler                  0x00000447   Thumb Code     0  startup_mk66f18.o(.text)
    CMP0_IRQHandler                          0x00000447   Thumb Code     0  startup_mk66f18.o(.text)
    CMP1_IRQHandler                          0x00000447   Thumb Code     0  startup_mk66f18.o(.text)
    CMP2_IRQHandler                          0x00000447   Thumb Code     0  startup_mk66f18.o(.text)
    CMP3_IRQHandler                          0x00000447   Thumb Code     0  startup_mk66f18.o(.text)
    CMT_IRQHandler                           0x00000447   Thumb Code     0  startup_mk66f18.o(.text)
    DAC0_IRQHandler                          0x00000447   Thumb Code     0  startup_mk66f18.o(.text)
    DAC1_IRQHandler                          0x00000447   Thumb Code     0  startup_mk66f18.o(.text)
    DMA10_IRQHandler                         0x00000447   Thumb Code     0  startup_mk66f18.o(.text)
    DMA11_IRQHandler                         0x00000447   Thumb Code     0  startup_mk66f18.o(.text)
    DMA12_IRQHandler                         0x00000447   Thumb Code     0  startup_mk66f18.o(.text)
    DMA13_IRQHandler                         0x00000447   Thumb Code     0  startup_mk66f18.o(.text)
    DMA14_IRQHandler                         0x00000447   Thumb Code     0  startup_mk66f18.o(.text)
    DMA15_IRQHandler                         0x00000447   Thumb Code     0  startup_mk66f18.o(.text)
    DMA1_IRQHandler                          0x00000447   Thumb Code     0  startup_mk66f18.o(.text)
    DMA2_IRQHandler                          0x00000447   Thumb Code     0  startup_mk66f18.o(.text)
    DMA3_IRQHandler                          0x00000447   Thumb Code     0  startup_mk66f18.o(.text)
    DMA4_IRQHandler                          0x00000447   Thumb Code     0  startup_mk66f18.o(.text)
    DMA5_IRQHandler                          0x00000447   Thumb Code     0  startup_mk66f18.o(.text)
    DMA6_IRQHandler                          0x00000447   Thumb Code     0  startup_mk66f18.o(.text)
    DMA7_IRQHandler                          0x00000447   Thumb Code     0  startup_mk66f18.o(.text)
    DMA8_IRQHandler                          0x00000447   Thumb Code     0  startup_mk66f18.o(.text)
    DMA9_IRQHandler                          0x00000447   Thumb Code     0  startup_mk66f18.o(.text)
    DMA_Error_IRQHandler                     0x00000447   Thumb Code     0  startup_mk66f18.o(.text)
    DefaultISR                               0x00000447   Thumb Code     0  startup_mk66f18.o(.text)
    ENET_1588_Timer_IRQHandler               0x00000447   Thumb Code     0  startup_mk66f18.o(.text)
    ENET_Error_IRQHandler                    0x00000447   Thumb Code     0  startup_mk66f18.o(.text)
    ENET_Receive_IRQHandler                  0x00000447   Thumb Code     0  startup_mk66f18.o(.text)
    ENET_Transmit_IRQHandler                 0x00000447   Thumb Code     0  startup_mk66f18.o(.text)
    FTFE_IRQHandler                          0x00000447   Thumb Code     0  startup_mk66f18.o(.text)
    FTM0_IRQHandler                          0x00000447   Thumb Code     0  startup_mk66f18.o(.text)
    FTM1_IRQHandler                          0x00000447   Thumb Code     0  startup_mk66f18.o(.text)
    FTM2_IRQHandler                          0x00000447   Thumb Code     0  startup_mk66f18.o(.text)
    FTM3_IRQHandler                          0x00000447   Thumb Code     0  startup_mk66f18.o(.text)
    I2C0_IRQHandler                          0x00000447   Thumb Code     0  startup_mk66f18.o(.text)
    I2C1_IRQHandler                          0x00000447   Thumb Code     0  startup_mk66f18.o(.text)
    I2C2_IRQHandler                          0x00000447   Thumb Code     0  startup_mk66f18.o(.text)
    I2C3_IRQHandler                          0x00000447   Thumb Code     0  startup_mk66f18.o(.text)
    I2S0_Rx_IRQHandler                       0x00000447   Thumb Code     0  startup_mk66f18.o(.text)
    I2S0_Tx_IRQHandler                       0x00000447   Thumb Code     0  startup_mk66f18.o(.text)
    LLWU_IRQHandler                          0x00000447   Thumb Code     0  startup_mk66f18.o(.text)
    LPTMR0_IRQHandler                        0x00000447   Thumb Code     0  startup_mk66f18.o(.text)
    LPUART0_IRQHandler                       0x00000447   Thumb Code     0  startup_mk66f18.o(.text)
    LVD_LVW_IRQHandler                       0x00000447   Thumb Code     0  startup_mk66f18.o(.text)
    MCG_IRQHandler                           0x00000447   Thumb Code     0  startup_mk66f18.o(.text)
    MCM_IRQHandler                           0x00000447   Thumb Code     0  startup_mk66f18.o(.text)
    PDB0_IRQHandler                          0x00000447   Thumb Code     0  startup_mk66f18.o(.text)
    PIT0_IRQHandler                          0x00000447   Thumb Code     0  startup_mk66f18.o(.text)
    PIT3_IRQHandler                          0x00000447   Thumb Code     0  startup_mk66f18.o(.text)
    PORTB_IRQHandler                         0x00000447   Thumb Code     0  startup_mk66f18.o(.text)
    RNG_IRQHandler                           0x00000447   Thumb Code     0  startup_mk66f18.o(.text)
    RTC_IRQHandler                           0x00000447   Thumb Code     0  startup_mk66f18.o(.text)
    RTC_Seconds_IRQHandler                   0x00000447   Thumb Code     0  startup_mk66f18.o(.text)
    Read_Collision_IRQHandler                0x00000447   Thumb Code     0  startup_mk66f18.o(.text)
    Reserved46_IRQHandler                    0x00000447   Thumb Code     0  startup_mk66f18.o(.text)
    Reserved71_IRQHandler                    0x00000447   Thumb Code     0  startup_mk66f18.o(.text)
    Reserved84_IRQHandler                    0x00000447   Thumb Code     0  startup_mk66f18.o(.text)
    Reserved85_IRQHandler                    0x00000447   Thumb Code     0  startup_mk66f18.o(.text)
    SDHC_IRQHandler                          0x00000447   Thumb Code     0  startup_mk66f18.o(.text)
    SPI0_IRQHandler                          0x00000447   Thumb Code     0  startup_mk66f18.o(.text)
    SPI1_IRQHandler                          0x00000447   Thumb Code     0  startup_mk66f18.o(.text)
    SPI2_IRQHandler                          0x00000447   Thumb Code     0  startup_mk66f18.o(.text)
    SWI_IRQHandler                           0x00000447   Thumb Code     0  startup_mk66f18.o(.text)
    TPM1_IRQHandler                          0x00000447   Thumb Code     0  startup_mk66f18.o(.text)
    TPM2_IRQHandler                          0x00000447   Thumb Code     0  startup_mk66f18.o(.text)
    TSI0_IRQHandler                          0x00000447   Thumb Code     0  startup_mk66f18.o(.text)
    UART0_ERR_IRQHandler                     0x00000447   Thumb Code     0  startup_mk66f18.o(.text)
    UART1_ERR_IRQHandler                     0x00000447   Thumb Code     0  startup_mk66f18.o(.text)
    UART1_RX_TX_IRQHandler                   0x00000447   Thumb Code     0  startup_mk66f18.o(.text)
    UART2_ERR_IRQHandler                     0x00000447   Thumb Code     0  startup_mk66f18.o(.text)
    UART2_RX_TX_IRQHandler                   0x00000447   Thumb Code     0  startup_mk66f18.o(.text)
    UART3_ERR_IRQHandler                     0x00000447   Thumb Code     0  startup_mk66f18.o(.text)
    UART4_ERR_IRQHandler                     0x00000447   Thumb Code     0  startup_mk66f18.o(.text)
    UART4_RX_TX_IRQHandler                   0x00000447   Thumb Code     0  startup_mk66f18.o(.text)
    USB0_IRQHandler                          0x00000447   Thumb Code     0  startup_mk66f18.o(.text)
    USBDCD_IRQHandler                        0x00000447   Thumb Code     0  startup_mk66f18.o(.text)
    USBHSDCD_IRQHandler                      0x00000447   Thumb Code     0  startup_mk66f18.o(.text)
    USBHS_IRQHandler                         0x00000447   Thumb Code     0  startup_mk66f18.o(.text)
    WDOG_EWM_IRQHandler                      0x00000447   Thumb Code     0  startup_mk66f18.o(.text)
    __aeabi_memcpy                           0x00000451   Thumb Code    36  memcpya.o(.text)
    __aeabi_memcpy4                          0x00000451   Thumb Code     0  memcpya.o(.text)
    __aeabi_memcpy8                          0x00000451   Thumb Code     0  memcpya.o(.text)
    strcpy                                   0x00000475   Thumb Code    18  strcpy.o(.text)
    __aeabi_dadd                             0x00000487   Thumb Code   322  dadd.o(.text)
    __aeabi_dsub                             0x000005c9   Thumb Code     6  dadd.o(.text)
    __aeabi_drsub                            0x000005cf   Thumb Code     6  dadd.o(.text)
    __aeabi_dmul                             0x000005d5   Thumb Code   228  dmul.o(.text)
    __aeabi_ddiv                             0x000006b9   Thumb Code   222  ddiv.o(.text)
    __aeabi_i2d                              0x00000797   Thumb Code    34  dflti.o(.text)
    __aeabi_ui2d                             0x000007b9   Thumb Code    26  dfltui.o(.text)
    __aeabi_d2iz                             0x000007d3   Thumb Code    62  dfixi.o(.text)
    __aeabi_d2uiz                            0x00000811   Thumb Code    50  dfixui.o(.text)
    __aeabi_f2d                              0x00000843   Thumb Code    38  f2d.o(.text)
    __aeabi_cdcmpeq                          0x00000869   Thumb Code     0  cdcmple.o(.text)
    __aeabi_cdcmple                          0x00000869   Thumb Code    48  cdcmple.o(.text)
    __aeabi_cdrcmple                         0x00000899   Thumb Code    48  cdrcmple.o(.text)
    __aeabi_d2f                              0x000008c9   Thumb Code    56  d2f.o(.text)
    __aeabi_llsl                             0x00000901   Thumb Code    30  llshl.o(.text)
    _ll_shift_l                              0x00000901   Thumb Code     0  llshl.o(.text)
    __aeabi_llsr                             0x0000091f   Thumb Code    32  llushr.o(.text)
    _ll_ushift_r                             0x0000091f   Thumb Code     0  llushr.o(.text)
    __aeabi_lasr                             0x0000093f   Thumb Code    36  llsshr.o(.text)
    _ll_sshift_r                             0x0000093f   Thumb Code     0  llsshr.o(.text)
    __I$use$fp                               0x00000963   Thumb Code     0  iusefp.o(.text)
    _float_round                             0x00000963   Thumb Code    18  fepilogue.o(.text)
    _float_epilogue                          0x00000975   Thumb Code    92  fepilogue.o(.text)
    _double_round                            0x000009d1   Thumb Code    30  depilogue.o(.text)
    _double_epilogue                         0x000009ef   Thumb Code   156  depilogue.o(.text)
    __scatterload                            0x00000a8d   Thumb Code    28  init.o(.text)
    __scatterload_rt2                        0x00000a8d   Thumb Code     0  init.o(.text)
    __decompress                             0x00000ab1   Thumb Code     0  __dclz77c.o(.text)
    __decompress2                            0x00000ab1   Thumb Code    94  __dclz77c.o(.text)
    BusFault_Handler                         0x00000b0f   Thumb Code     8  isr.o(i.BusFault_Handler)
    Center_Scan                              0x00000b19   Thumb Code   664  process.o(i.Center_Scan)
    Check_Overrun199                         0x00000dc9   Thumb Code    22  process.o(i.Check_Overrun199)
    Check_Overrun69                          0x00000ddf   Thumb Code    22  process.o(i.Check_Overrun69)
    DMA0_IRQHandler                          0x00000df5   Thumb Code   156  sonyccd.o(i.DMA0_IRQHandler)
    DMACNT_GetValue                          0x00000eb9   Thumb Code    34  dmacnt.o(i.DMACNT_GetValue)
    DMACNT_Init                              0x00000edd   Thumb Code    78  dmacnt.o(i.DMACNT_Init)
    DMA_GetCurrDataCounter                   0x00000f39   Thumb Code    16  dmacnt.o(i.DMA_GetCurrDataCounter)
    DMA_Init                                 0x00000f4d   Thumb Code   320  dma_old.o(i.DMA_Init)
    DMA_IsComplete                           0x00001099   Thumb Code    24  dma_old.o(i.DMA_IsComplete)
    DMA_SetCurrDataCounter                   0x000010b5   Thumb Code    14  dmacnt.o(i.DMA_SetCurrDataCounter)
    DMA_SetEnableReq                         0x000010c9   Thumb Code    36  dma_old.o(i.DMA_SetEnableReq)
    Disable_Wdog                             0x000010f1   Thumb Code    22  system_mk66.o(i.Disable_Wdog)
    DisplayImage_WithOLED                    0x0000110d   Thumb Code    90  seekfree_mt9v032.o(i.DisplayImage_WithOLED)
    Edge_Scan                                0x0000116d   Thumb Code   328  process.o(i.Edge_Scan)
    FLASH_EraseSector                        0x000012c9   Thumb Code    46  flash.o(i.FLASH_EraseSector)
    FLASH_Init                               0x000012fd   Thumb Code     8  flash.o(i.FLASH_Init)
    FLASH_ReadByte                           0x00001309   Thumb Code    22  flash.o(i.FLASH_ReadByte)
    FLASH_WriteSector                        0x00001321   Thumb Code   126  flash.o(i.FLASH_WriteSector)
    FTM_PWM_ChangeDuty                       0x000013a5   Thumb Code    96  ftm.o(i.FTM_PWM_ChangeDuty)
    FTM_port_mux                             0x0000140d   Thumb Code   264  ftm.o(i.FTM_port_mux)
    FieldProcess                             0x00001519   Thumb Code 40634  process.o(i.FieldProcess)
    Get_SendData                             0x0000b449   Thumb Code   268  sd_storage.o(i.Get_SendData)
    Get_lineeffect                           0x0000b571   Thumb Code   286  process.o(i.Get_lineeffect)
    HardFault_Handler                        0x0000b6b9   Thumb Code     8  isr.o(i.HardFault_Handler)
    IIC_start                                0x0000b6c1   Thumb Code    44  imu_iic.o(i.IIC_start)
    IIC_stop                                 0x0000b6f1   Thumb Code    42  imu_iic.o(i.IIC_stop)
    IMU_IIC_Init                             0x0000b721   Thumb Code    24  imu_iic.o(i.IMU_IIC_Init)
    ImageGet_Pixels                          0x0000b739   Thumb Code   104  seekfree_mt9v032.o(i.ImageGet_Pixels)
    ImageProcess                             0x0000b7b9   Thumb Code  9270  process.o(i.ImageProcess)
    Image_Init                               0x0000dbfd   Thumb Code   434  process.o(i.Image_Init)
    K                                        0x0000df49   Thumb Code   106  process.o(i.K)
    KEY_Init                                 0x0000dfc5   Thumb Code   126  key.o(i.KEY_Init)
    L3G4200D_GetResult                       0x0000e049   Thumb Code    88  l3g4200d.o(i.L3G4200D_GetResult)
    L3G4200D_Init                            0x0000e0a1   Thumb Code    92  l3g4200d.o(i.L3G4200D_Init)
    L3G4200D_XYZ                             0x0000e0fd   Thumb Code    16  l3g4200d.o(i.L3G4200D_XYZ)
    L3G4200D_readbyte                        0x0000e111   Thumb Code    44  l3g4200d.o(i.L3G4200D_readbyte)
    L3G4200D_writebyte                       0x0000e13d   Thumb Code    34  l3g4200d.o(i.L3G4200D_writebyte)
    MaxNum                                   0x0000e15f   Thumb Code    14  process.o(i.MaxNum)
    MemManage_Handler                        0x0000e16d   Thumb Code     8  isr.o(i.MemManage_Handler)
    MinNum                                   0x0000e175   Thumb Code    14  process.o(i.MinNum)
    Motor_PID                                0x0000e185   Thumb Code   250  pidcontrol.o(i.Motor_PID)
    My_Data_Give                             0x0000e29d   Thumb Code   210  sd_storage.o(i.My_Data_Give)
    My_Data_Uart_Init                        0x0000e3a5   Thumb Code   112  sd_storage.o(i.My_Data_Uart_Init)
    My_Lines_Pack                            0x0000e421   Thumb Code    44  sd_storage.o(i.My_Lines_Pack)
    My_Lines_UnPack                          0x0000e45d   Thumb Code    46  sd_storage.o(i.My_Lines_UnPack)
    My_LiveTransfer                          0x0000e49d   Thumb Code    16  sd_storage.o(i.My_LiveTransfer)
    My_SdCard_Init                           0x0000e4ad   Thumb Code    18  sd_storage.o(i.My_SdCard_Init)
    My_SdCard_Read                           0x0000e4c1   Thumb Code   200  sd_storage.o(i.My_SdCard_Read)
    My_SdCard_Save                           0x0000e59d   Thumb Code   180  sd_storage.o(i.My_SdCard_Save)
    My_Tranfer_Init                          0x0000e661   Thumb Code    16  sd_storage.o(i.My_Tranfer_Init)
    My_floattoint32                          0x0000e675   Thumb Code    30  sd_storage.o(i.My_floattoint32)
    NMI_Handler                              0x0000e693   Thumb Code     8  isr.o(i.NMI_Handler)
    OLED_Clear                               0x0000e6b1   Thumb Code    56  oled.o(i.OLED_Clear)
    OLED_Delay_ms                            0x0000e6e9   Thumb Code    28  oled.o(i.OLED_Delay_ms)
    OLED_Init                                0x0000e705   Thumb Code   220  oled.o(i.OLED_Init)
    OLED_Pin_Init                            0x0000e7e1   Thumb Code    16  oled.o(i.OLED_Pin_Init)
    OLED_Set_XY                              0x0000e7f1   Thumb Code    40  oled.o(i.OLED_Set_XY)
    OLED_WrCmd                               0x0000e819   Thumb Code    80  oled.o(i.OLED_WrCmd)
    OLED_WrDat                               0x0000e869   Thumb Code    80  oled.o(i.OLED_WrDat)
    OLED_Write_Char                          0x0000e8b9   Thumb Code   278  oled.o(i.OLED_Write_Char)
    OLED_Write_Num4                          0x0000e9d5   Thumb Code   120  oled.o(i.OLED_Write_Num4)
    OLED_Write_String                        0x0000ea4d   Thumb Code    40  oled.o(i.OLED_Write_String)
    PIT1_IRQHandler                          0x0000ea75   Thumb Code    14  isr.o(i.PIT1_IRQHandler)
    PIT2_IRQHandler                          0x0000ea89   Thumb Code     2  isr.o(i.PIT2_IRQHandler)
    PORTA_IRQHandler                         0x0000ea8d   Thumb Code    44  sonyccd.o(i.PORTA_IRQHandler)
    PORTC_IRQHandler                         0x0000ead9   Thumb Code     2  isr.o(i.PORTC_IRQHandler)
    PORTD_IRQHandler                         0x0000eadd   Thumb Code   902  sonyccd.o(i.PORTD_IRQHandler)
    PORTE_IRQHandler                         0x0000eeb5   Thumb Code    16  isr.o(i.PORTE_IRQHandler)
    SD_ManyWT_Init                           0x0000eec9   Thumb Code    32  sd_yaoxin.o(i.SD_ManyWT_Init)
    SD_Many_Write                            0x0000eef1   Thumb Code    58  sd_yaoxin.o(i.SD_Many_Write)
    SYSTEM_CLK                               0x0000ef31   Thumb Code   170  system_mk66.o(i.SYSTEM_CLK)
    Send_to_Computer                         0x0000efe9   Thumb Code    36  sd_storage.o(i.Send_to_Computer)
    SignalProcess                            0x0000f019   Thumb Code    16  process.o(i.SignalProcess)
    SonyCCD_Init                             0x0000f029   Thumb Code   140  sonyccd.o(i.SonyCCD_Init)
    Speed_Fuzzy                              0x0000f0c5   Thumb Code  1462  newfuzzy1.o(i.Speed_Fuzzy)
    Start                                    0x0000f67d   Thumb Code    34  system_mk66.o(i.Start)
    UART0_RX_TX_IRQHandler                   0x0000f6a5   Thumb Code     2  isr.o(i.UART0_RX_TX_IRQHandler)
    UART3_RX_TX_IRQHandler                   0x0000f6a9   Thumb Code    22  isr.o(i.UART3_RX_TX_IRQHandler)
    UsageFault_Handler                       0x0000f6c5   Thumb Code     8  isr.o(i.UsageFault_Handler)
    VSYNC                                    0x0000f6cd   Thumb Code    72  seekfree_mt9v032.o(i.VSYNC)
    __scatterload_copy                       0x0000f725   Thumb Code    14  handlers.o(i.__scatterload_copy)
    __scatterload_null                       0x0000f733   Thumb Code     2  handlers.o(i.__scatterload_null)
    __scatterload_zeroinit                   0x0000f735   Thumb Code    14  handlers.o(i.__scatterload_zeroinit)
    buzzer_Init                              0x0000f743   Thumb Code     2  key.o(i.buzzer_Init)
    dajiaochange                             0x0000f745   Thumb Code   300  process.o(i.dajiaochange)
    div_set                                  0x0000f87d   Thumb Code    68  system_mk66.o(i.div_set)
    dma_portx2buff_init_new                  0x0000f8c9   Thumb Code   376  dma.o(i.dma_portx2buff_init_new)
    dma_portx2buff_init_new2                 0x0000fa51   Thumb Code   330  dma.o(i.dma_portx2buff_init_new2)
    door                                     0x0000fbb1   Thumb Code   118  process.o(i.door)
    fab1                                     0x0000fc39   Thumb Code    16  process.o(i.fab1)
    fabss                                    0x0000fc49   Thumb Code    14  process.o(i.fabss)
    ftm_pwm_init                             0x0000fc59   Thumb Code   270  ftm.o(i.ftm_pwm_init)
    get_clk                                  0x0000fd75   Thumb Code    94  common.o(i.get_clk)
    gpio_init                                0x0000fde9   Thumb Code   346  gpio.o(i.gpio_init)
    gpio_set                                 0x0000ff51   Thumb Code    66  gpio.o(i.gpio_set)
    huandaopid                               0x0000ff99   Thumb Code   190  pidcontrol.o(i.huandaopid)
    kind                                     0x0001007d   Thumb Code  1340  process.o(i.kind)
    kind_huancnt                             0x000105d1   Thumb Code   244  process.o(i.kind_huancnt)
    kind_slopecnt                            0x000106c9   Thumb Code   142  process.o(i.kind_slopecnt)
    kjudge                                   0x0001075d   Thumb Code   282  process.o(i.kjudge)
    lianwanyou                               0x00010885   Thumb Code   246  pidcontrol.o(i.lianwanyou)
    lianwanzuo                               0x000109a5   Thumb Code   246  pidcontrol.o(i.lianwanzuo)
    longstraightpid                          0x00010ac5   Thumb Code   190  pidcontrol.o(i.longstraightpid)
    main                                     0x00010ba9   Thumb Code   154  main.o(i.main)
    menu                                     0x00010c61   Thumb Code 10930  menu.o(i.menu)
    mode1                                    0x000137c5   Thumb Code   184  menu.o(i.mode1)
    mode2                                    0x000138a5   Thumb Code    32  menu.o(i.mode2)
    mode3                                    0x000138cd   Thumb Code   194  menu.o(i.mode3)
    mode4                                    0x000139c1   Thumb Code    46  menu.o(i.mode4)
    mode5                                    0x000139fd   Thumb Code    38  menu.o(i.mode5)
    mode6                                    0x00013a29   Thumb Code   180  menu.o(i.mode6)
    mt9v032_cof_uart_interrupt               0x00013af5   Thumb Code    68  seekfree_mt9v032.o(i.mt9v032_cof_uart_interrupt)
    nops                                     0x00013b45   Thumb Code    14  imu_iic.o(i.nops)
    port_init                                0x00013b55   Thumb Code   102  port.o(i.port_init)
    protect                                  0x00013bc9   Thumb Code    42  pidcontrol.o(i.protect)
    racewide                                 0x00013c01   Thumb Code   108  process.o(i.racewide)
    read_byte                                0x00013c7d   Thumb Code   188  imu_iic.o(i.read_byte)
    run                                      0x00013d49   Thumb Code  5972  process.o(i.run)
    sdhc_initcard_40                         0x00015575   Thumb Code   550  sdhc.o(i.sdhc_initcard_40)
    sdhc_ioc                                 0x0001582d   Thumb Code   956  sdhc.o(i.sdhc_ioc)
    sdhc_readblocks                          0x00015d3d   Thumb Code   122  sdhc.o(i.sdhc_readblocks)
    sdhc_sendcommand                         0x00015dc5   Thumb Code   268  sdhc.o(i.sdhc_sendcommand)
    send_byte                                0x00015fe5   Thumb Code   102  imu_iic.o(i.send_byte)
    smallspid                                0x00016051   Thumb Code   182  pidcontrol.o(i.smallspid)
    steercontrol                             0x0001612d   Thumb Code    54  process.o(i.steercontrol)
    straightpid                              0x00016171   Thumb Code   190  pidcontrol.o(i.straightpid)
    systick_delay                            0x00016255   Thumb Code    44  systick.o(i.systick_delay)
    systick_delay_ms                         0x00016281   Thumb Code    32  systick.o(i.systick_delay_ms)
    tly_delay                                0x000162a5   Thumb Code    24  l3g4200d.o(i.tly_delay)
    turnpidyou                               0x000162bd   Thumb Code   190  pidcontrol.o(i.turnpidyou)
    turnpidzuo                               0x000163a1   Thumb Code   190  pidcontrol.o(i.turnpidzuo)
    uart_getchar                             0x00016485   Thumb Code    30  uart.o(i.uart_getchar)
    uart_init                                0x000164a9   Thumb Code   452  uart.o(i.uart_init)
    LargeChars                               0x000166e0   Data        1152  oled.o(.constdata)
    Region$$Table$$Base                      0x00016c38   Number         0  anon$$obj.o(Region$$Table)
    Region$$Table$$Limit                     0x00016c58   Number         0  anon$$obj.o(Region$$Table)
    my_blockNum                              0x20000000   Data           4  sd_storage.o(.data)
    mcgout_clk_mhz                           0x20000004   Data           4  common.o(.data)
    core_clk_mhz                             0x20000008   Data           4  common.o(.data)
    bus_clk_mhz                              0x2000000c   Data           4  common.o(.data)
    s_flash_command_run                      0x20000010   Data          14  flash.o(.data)
    s_flash_run_entry                        0x20000020   Data           4  flash.o(.data)
    period                                   0x20000024   Data           6  ftm.o(.data)
    sdcard_ptr                               0x2000002c   Data           4  sdhc.o(.data)
    uart                                     0x20000030   Data          20  uart.o(.data)
    Dummy                                    0x20000044   Data           1  dmacnt.o(.data)
    receive                                  0x20000046   Data           3  seekfree_mt9v032.o(.data)
    receive_num                              0x20000049   Data           1  seekfree_mt9v032.o(.data)
    uart_receive_flag                        0x2000004a   Data           1  seekfree_mt9v032.o(.data)
    Threshold_H                              0x2000004b   Data          70  seekfree_mt9v032.o(.data)
    Threshold                                0x20000091   Data           1  seekfree_mt9v032.o(.data)
    MT9V032_CFG                              0x20000092   Data          36  seekfree_mt9v032.o(.data)
    GET_CFG                                  0x200000b6   Data          32  seekfree_mt9v032.o(.data)
    version                                  0x200000d6   Data           2  seekfree_mt9v032.o(.data)
    mt9v032_finish_flag                      0x200000d8   Data           1  seekfree_mt9v032.o(.data)
    OlLine                                   0x200000d9   Data           1  seekfree_mt9v032.o(.data)
    OlRow                                    0x200000da   Data           1  seekfree_mt9v032.o(.data)
    OledDian                                 0x200000dc   Data         256  seekfree_mt9v032.o(.data)
    OledChooseRow                            0x200001dc   Data          64  seekfree_mt9v032.o(.data)
    OledDian_Pixels                          0x2000021c   Data         256  seekfree_mt9v032.o(.data)
    OledChooseRow_Pixels                     0x2000031c   Data          64  seekfree_mt9v032.o(.data)
    menu_no                                  0x2000035c   Data           4  data.o(.data)
    zhong                                    0x20000360   Data           4  data.o(.data)
    steerzuo                                 0x20000364   Data           4  data.o(.data)
    steeryou                                 0x20000368   Data           4  data.o(.data)
    reload                                   0x2000036c   Data           4  data.o(.data)
    runmode                                  0x20000370   Data           4  data.o(.data)
    mode_mode                                0x20000374   Data           4  data.o(.data)
    slowstart                                0x20000378   Data           4  data.o(.data)
    protect_stop                             0x2000037c   Data           4  data.o(.data)
    huandaocntmax                            0x20000380   Data           4  data.o(.data)
    slopecntmax                              0x20000384   Data           4  data.o(.data)
    blockcntmax                              0x20000388   Data           4  data.o(.data)
    yuzhi                                    0x2000038c   Data           4  data.o(.data)
    dajiao                                   0x20000390   Data           4  data.o(.data)
    superspeed                               0x20000394   Data           4  data.o(.data)
    longspeed                                0x20000398   Data           4  data.o(.data)
    shortspeed                               0x2000039c   Data           4  data.o(.data)
    speedstraight                            0x200003a0   Data           4  data.o(.data)
    speedturn                                0x200003a4   Data           4  data.o(.data)
    qipaoflag                                0x200003a8   Data           4  data.o(.data)
    Ispeed1                                  0x200003ac   Data           4  data.o(.data)
    Ispeed2                                  0x200003b0   Data           4  data.o(.data)
    Ispeed3                                  0x200003b4   Data           4  data.o(.data)
    Ispeed4                                  0x200003b8   Data           4  data.o(.data)
    Ispeed1dj                                0x200003bc   Data           4  data.o(.data)
    Ispeed2dj                                0x200003c0   Data           4  data.o(.data)
    Ispeed3dj                                0x200003c4   Data           4  data.o(.data)
    Ispeed4dj                                0x200003c8   Data           4  data.o(.data)
    IkP1                                     0x200003cc   Data           4  data.o(.data)
    IkP2                                     0x200003d0   Data           4  data.o(.data)
    IkP3                                     0x200003d4   Data           4  data.o(.data)
    IkP4                                     0x200003d8   Data           4  data.o(.data)
    IkD1                                     0x200003dc   Data           4  data.o(.data)
    IkD2                                     0x200003e0   Data           4  data.o(.data)
    IkD3                                     0x200003e4   Data           4  data.o(.data)
    IkD4                                     0x200003e8   Data           4  data.o(.data)
    longstraightp                            0x200003ec   Data           4  data.o(.data)
    longstraightd                            0x200003f0   Data           4  data.o(.data)
    straightp                                0x200003f4   Data           4  data.o(.data)
    straightd                                0x200003f8   Data           4  data.o(.data)
    smallsp                                  0x200003fc   Data           4  data.o(.data)
    smallsd                                  0x20000400   Data           4  data.o(.data)
    leftp                                    0x20000404   Data           4  data.o(.data)
    leftd                                    0x20000408   Data           4  data.o(.data)
    rightp                                   0x2000040c   Data           4  data.o(.data)
    rightd                                   0x20000410   Data           4  data.o(.data)
    huandaop                                 0x20000414   Data           4  data.o(.data)
    huandaod                                 0x20000418   Data           4  data.o(.data)
    Bigsp                                    0x2000041c   Data           4  data.o(.data)
    Bigsd                                    0x20000420   Data           4  data.o(.data)
    Bigs_dj                                  0x20000424   Data           4  data.o(.data)
    Mid_S_Switch                             0x20000428   Data           4  data.o(.data)
    speedBigs                                0x2000042c   Data           4  data.o(.data)
    po_speed                                 0x20000430   Data           4  data.o(.data)
    longSS_speed                             0x20000434   Data           4  data.o(.data)
    blockspeed                               0x20000438   Data           4  data.o(.data)
    dianbo_switch                            0x2000043c   Data           4  data.o(.data)
    DianjiP                                  0x20000440   Data           4  data.o(.data)
    flash_memory0                            0x20000444   Data         240  data.o(.data)
    flash_memory1                            0x20000534   Data         240  data.o(.data)
    flash_memory2                            0x20000624   Data         240  data.o(.data)
    flash_memory3                            0x20000714   Data         240  data.o(.data)
    My_yuzhi                                 0x20000804   Data          70  data.o(.data)
    startstart                               0x2000084c   Data           4  menu.o(.data)
    memory                                   0x20000850   Data           4  menu.o(.data)
    protcnt                                  0x20000854   Data           4  menu.o(.data)
    motorp                                   0x2000085c   Data           4  pidcontrol.o(.data)
    bianmap                                  0x20000860   Data           4  pidcontrol.o(.data)
    bianmai                                  0x20000864   Data           4  pidcontrol.o(.data)
    bianmad                                  0x20000868   Data           4  pidcontrol.o(.data)
    motord                                   0x2000086c   Data           4  pidcontrol.o(.data)
    pwm                                      0x20000870   Data           4  pidcontrol.o(.data)
    ZhanKongBi                               0x20000874   Data           4  pidcontrol.o(.data)
    FTM_BiHuan                               0x20000878   Data           4  pidcontrol.o(.data)
    Fuzzy_piancha                            0x2000087c   Data           4  pidcontrol.o(.data)
    Fuzzy_lastpiancha                        0x20000880   Data           4  pidcontrol.o(.data)
    CESHI_bianmai                            0x20000884   Data           4  pidcontrol.o(.data)
    CESHI_bianmad                            0x20000888   Data           4  pidcontrol.o(.data)
    erornow                                  0x2000088c   Data           4  pidcontrol.o(.data)
    erorpast                                 0x20000890   Data           4  pidcontrol.o(.data)
    kaiqi                                    0x20000898   Data           1  process.o(.data)
    kaiqiflag                                0x20000899   Data           1  process.o(.data)
    qipaocnt                                 0x2000089c   Data           4  process.o(.data)
    motorpwm                                 0x200008a0   Data           4  process.o(.data)
    aim                                      0x200008a4   Data           4  process.o(.data)
    jiance                                   0x200008a8   Data           4  process.o(.data)
    midleline                                0x200008ac   Data           4  process.o(.data)
    speed                                    0x200008b0   Data           4  process.o(.data)
    speedlast                                0x200008b4   Data           4  process.o(.data)
    fuzhiup                                  0x200008b8   Data           4  process.o(.data)
    zuo                                      0x200008bc   Data           4  process.o(.data)
    you                                      0x200008c0   Data           4  process.o(.data)
    doub_temp                                0x200008c8   Data           8  process.o(.data)
    Dianji_Ftm                               0x200008d0   Data           4  process.o(.data)
    Huandao_type                             0x200008d4   Data           4  process.o(.data)
    Huandao_pp                               0x200008d8   Data           8  process.o(.data)
    Huandao_dd                               0x200008e0   Data           8  process.o(.data)
    dajiao_ceshi                             0x200008e8   Data           1  process.o(.data)
    qipao_cnt                                0x200008e9   Data           1  process.o(.data)
    Diaobo_flag                              0x200008ea   Data           1  process.o(.data)
    Dianbo_cnt                               0x200008ec   Data           4  process.o(.data)
    Lastroadtype                             0x200008f0   Data           1  process.o(.data)
    fixValue                                 0x200008f1   Data          70  process.o(.data)
    superfastflag                            0x20000937   Data           1  process.o(.data)
    longstraightflag                         0x20000938   Data           1  process.o(.data)
    shortstraightflag                        0x20000939   Data           1  process.o(.data)
    notstraightflag                          0x2000093a   Data           1  process.o(.data)
    turnflag                                 0x2000093b   Data           1  process.o(.data)
    leftflag                                 0x2000093c   Data           1  process.o(.data)
    rightflag                                0x2000093d   Data           1  process.o(.data)
    smallsflag                               0x2000093e   Data           1  process.o(.data)
    longstraightline                         0x2000093f   Data           1  process.o(.data)
    shortstraightline                        0x20000940   Data           1  process.o(.data)
    leftmax                                  0x20000941   Data           1  process.o(.data)
    leftmin                                  0x20000942   Data           1  process.o(.data)
    rightmax                                 0x20000943   Data           1  process.o(.data)
    rightmin                                 0x20000944   Data           1  process.o(.data)
    center                                   0x20000945   Data           1  process.o(.data)
    kzhi                                     0x20000948   Data           8  process.o(.data)
    i                                        0x20000950   Data           1  process.o(.data)
    e                                        0x20000951   Data           1  process.o(.data)
    RowNum                                   0x20000952   Data           1  process.o(.data)
    cutline                                  0x20000953   Data           1  process.o(.data)
    line_effet                               0x20000954   Data           1  process.o(.data)
    temp                                     0x20000958   Data           4  process.o(.data)
    temporary                                0x2000095c   Data           1  process.o(.data)
    j                                        0x2000095d   Data           1  process.o(.data)
    a                                        0x2000095e   Data           1  process.o(.data)
    b                                        0x2000095f   Data           1  process.o(.data)
    c                                        0x20000960   Data           1  process.o(.data)
    d                                        0x20000961   Data           1  process.o(.data)
    b_L                                      0x20000962   Data           1  process.o(.data)
    b_R                                      0x20000963   Data           1  process.o(.data)
    K_L                                      0x20000964   Data           4  process.o(.data)
    K_R                                      0x20000968   Data           4  process.o(.data)
    L_Find_Start                             0x2000096c   Data           1  process.o(.data)
    R_Find_Start                             0x2000096d   Data           1  process.o(.data)
    LoseFirst_L_Row                          0x2000096e   Data           1  process.o(.data)
    LoseFirst_R_Row                          0x2000096f   Data           1  process.o(.data)
    LoseRepair_L_Row                         0x20000970   Data           1  process.o(.data)
    LoseRepair_R_Row                         0x20000971   Data           1  process.o(.data)
    Cross_Straight_Flag                      0x20000972   Data           1  process.o(.data)
    Cross_Straight_in                        0x20000973   Data           1  process.o(.data)
    Cross_Straight_L_in                      0x20000974   Data           1  process.o(.data)
    Cross_Straight_R_in                      0x20000975   Data           1  process.o(.data)
    Cross_Straight_L_in_Row                  0x20000976   Data           1  process.o(.data)
    Cross_Straight_R_in_Row                  0x20000977   Data           1  process.o(.data)
    Cross_Straight_L_in_Rank                 0x20000978   Data           1  process.o(.data)
    Cross_Straight_R_in_Rank                 0x20000979   Data           1  process.o(.data)
    Cross_Straight_L_Slope                   0x2000097c   Data           4  process.o(.data)
    Cross_Straight_R_Slope                   0x20000980   Data           4  process.o(.data)
    Cross_Straight_out                       0x20000984   Data           1  process.o(.data)
    Cross_Straight_L_out                     0x20000985   Data           1  process.o(.data)
    Cross_Straight_R_out                     0x20000986   Data           1  process.o(.data)
    Cross_Straight_L_outcnt                  0x20000987   Data           1  process.o(.data)
    Cross_Straight_R_outcnt                  0x20000988   Data           1  process.o(.data)
    Cross_Straight_L_out_Row                 0x20000989   Data           1  process.o(.data)
    Cross_Straight_R_out_Row                 0x2000098a   Data           1  process.o(.data)
    Cross_Straight_L_out_Rank                0x2000098b   Data           1  process.o(.data)
    Cross_Straight_R_out_Rank                0x2000098c   Data           1  process.o(.data)
    Cross_Lean_L_in                          0x2000098d   Data           1  process.o(.data)
    Cross_Lean_R_in                          0x2000098e   Data           1  process.o(.data)
    Cross_Lean_L_in_Row                      0x2000098f   Data           1  process.o(.data)
    Cross_Lean_R_in_Row                      0x20000990   Data           1  process.o(.data)
    Cross_Lean_L_in_Lose                     0x20000991   Data           1  process.o(.data)
    Cross_Lean_R_in_Lose                     0x20000992   Data           1  process.o(.data)
    Cross_Lean_L_in_Rank                     0x20000993   Data           1  process.o(.data)
    Cross_Lean_R_in_Rank                     0x20000994   Data           1  process.o(.data)
    Cross_Lean_L_Slope                       0x20000998   Data           4  process.o(.data)
    Cross_Lean_R_Slope                       0x2000099c   Data           4  process.o(.data)
    Cross_Lean_L_out                         0x200009a0   Data           1  process.o(.data)
    Cross_Lean_R_out                         0x200009a1   Data           1  process.o(.data)
    Cross_Lean_L_out_Row                     0x200009a2   Data           1  process.o(.data)
    Cross_Lean_R_out_Row                     0x200009a3   Data           1  process.o(.data)
    Cross_Lean_L_out_Rank                    0x200009a4   Data           1  process.o(.data)
    Cross_Lean_R_out_Rank                    0x200009a5   Data           1  process.o(.data)
    Cross_Lean_L_Saoxian                     0x200009a6   Data           1  process.o(.data)
    Cross_Lean_R_Saoxian                     0x200009a7   Data           1  process.o(.data)
    Cross_Lean_L                             0x200009a8   Data           1  process.o(.data)
    Cross_Lean_R                             0x200009a9   Data           1  process.o(.data)
    Cross_Pingyi                             0x200009aa   Data           1  process.o(.data)
    Cross_No_RightAngle_L_Memory             0x200009ab   Data           1  process.o(.data)
    Cross_No_RightAngle_R_Memory             0x200009ac   Data           1  process.o(.data)
    Cross_NR_L_Memory_Slope                  0x200009b0   Data           4  process.o(.data)
    Cross_NR_R_Memory_Slope                  0x200009b4   Data           4  process.o(.data)
    Cross_NR_L_Memory_in_Rank                0x200009b8   Data           1  process.o(.data)
    Cross_NR_R_Memory_in_Rank                0x200009b9   Data           1  process.o(.data)
    Cross_NR_L_Memory_out_Row                0x200009ba   Data           1  process.o(.data)
    Cross_NR_R_Memory_out_Row                0x200009bb   Data           1  process.o(.data)
    Cross_NR_L_Memory_out_Rank               0x200009bc   Data           1  process.o(.data)
    Cross_NR_R_Memory_out_Rank               0x200009bd   Data           1  process.o(.data)
    Cross_NR_L_Memory_FindFlag               0x200009be   Data           1  process.o(.data)
    Cross_NR_R_Memory_FindFlag               0x200009bf   Data           1  process.o(.data)
    Cross_NR__Memory_out_Row                 0x200009c0   Data           1  process.o(.data)
    Cross_NR_L_180cnt                        0x200009c1   Data           1  process.o(.data)
    Cross_NR_R_180cnt                        0x200009c2   Data           1  process.o(.data)
    Cross_NR_L_130cnt                        0x200009c3   Data           1  process.o(.data)
    Cross_NR_R_130cnt                        0x200009c4   Data           1  process.o(.data)
    Cross_NR_L_cnt                           0x200009c5   Data           1  process.o(.data)
    Cross_NR_R_cnt                           0x200009c6   Data           1  process.o(.data)
    Cross_NR_LR_cnt                          0x200009c7   Data           1  process.o(.data)
    Cross_NR_L_start                         0x200009c8   Data           1  process.o(.data)
    Cross_NR_R_start                         0x200009c9   Data           1  process.o(.data)
    Cross_Allwhite_L                         0x200009ca   Data           1  process.o(.data)
    Cross_Allwhite_R                         0x200009cb   Data           1  process.o(.data)
    Cross_Allwhite                           0x200009cc   Data           1  process.o(.data)
    Cross_Allwhite_L_out_Row                 0x200009cd   Data           1  process.o(.data)
    Cross_Allwhite_R_out_Row                 0x200009ce   Data           1  process.o(.data)
    Cross_Allwhite_L_out_Rank                0x200009cf   Data           1  process.o(.data)
    Cross_Allwhite_R_out_Rank                0x200009d0   Data           1  process.o(.data)
    Cross_Allwhite_L_start                   0x200009d1   Data           1  process.o(.data)
    Cross_Allwhite_R_start                   0x200009d2   Data           1  process.o(.data)
    Cross_Allwhite_Maybe                     0x200009d3   Data           1  process.o(.data)
    crossflag                                0x200009d4   Data           1  process.o(.data)
    Cross_Allwhite2cnt                       0x200009d5   Data           1  process.o(.data)
    Cross_Allwhite2                          0x200009d6   Data           1  process.o(.data)
    Cross_Allwhite2_L                        0x200009d7   Data           1  process.o(.data)
    Cross_Allwhite2_R                        0x200009d8   Data           1  process.o(.data)
    Cross_Allwhite2_L_out_Row                0x200009d9   Data           1  process.o(.data)
    Cross_Allwhite2_R_out_Row                0x200009da   Data           1  process.o(.data)
    Cross_Allw2_first                        0x200009db   Data           1  process.o(.data)
    Cross_Allwhite2_R_start                  0x200009dc   Data           1  process.o(.data)
    Cross_Allwhite2_L_start                  0x200009dd   Data           1  process.o(.data)
    Cross_Lean_Lmabye2                       0x200009de   Data           1  process.o(.data)
    Cross_Lean_Rmabye2                       0x200009df   Data           1  process.o(.data)
    changeflag                               0x200009e0   Data           1  process.o(.data)
    changezuo                                0x200009e1   Data           1  process.o(.data)
    changeyou                                0x200009e2   Data           1  process.o(.data)
    bianhuanflag                             0x200009e3   Data           1  process.o(.data)
    LianWan_plevel_FlagR                     0x200009e4   Data           1  process.o(.data)
    LianWan_plevel_FlagL                     0x200009e5   Data           1  process.o(.data)
    LianWan_max                              0x200009e6   Data           1  process.o(.data)
    LianWan_min                              0x200009e7   Data           1  process.o(.data)
    LianWan_max_row                          0x200009e8   Data           1  process.o(.data)
    LianWan_min_row                          0x200009e9   Data           1  process.o(.data)
    Curve_Lianwan_L_Row                      0x200009ea   Data           1  process.o(.data)
    Curve_Lianwan_R_Row                      0x200009eb   Data           1  process.o(.data)
    Curve_Lianwan_R                          0x200009ec   Data           1  process.o(.data)
    Curve_Lianwan_L                          0x200009ed   Data           1  process.o(.data)
    Curve_Lianwan_R_pingyi                   0x200009ee   Data           1  process.o(.data)
    Curve_Lianwan_L_pingyi                   0x200009ef   Data           1  process.o(.data)
    Curve_Lianwan_LCnt                       0x200009f0   Data           1  process.o(.data)
    Curve_Lianwan_RCnt                       0x200009f1   Data           1  process.o(.data)
    L_SmallS_Flag1                           0x200009f2   Data           1  process.o(.data)
    L_SmallS_Flag2                           0x200009f3   Data           1  process.o(.data)
    L_SmallS_Flag3                           0x200009f4   Data           1  process.o(.data)
    L_SmallS_Flag4                           0x200009f5   Data           1  process.o(.data)
    R_SmallS_Flag1                           0x200009f6   Data           1  process.o(.data)
    R_SmallS_Flag2                           0x200009f7   Data           1  process.o(.data)
    R_SmallS_Flag3                           0x200009f8   Data           1  process.o(.data)
    R_SmallS_Flag4                           0x200009f9   Data           1  process.o(.data)
    Judge_SmallS                             0x200009fa   Data           1  process.o(.data)
    R_Big                                    0x200009fb   Data           1  process.o(.data)
    L_Small                                  0x200009fc   Data           1  process.o(.data)
    bigsflag                                 0x200009fd   Data           1  process.o(.data)
    L_BigS_Flag1                             0x200009fe   Data           1  process.o(.data)
    L_BigS_Flag2                             0x200009ff   Data           1  process.o(.data)
    L_BigS_Flag3                             0x20000a00   Data           1  process.o(.data)
    L_BigS_Flag4                             0x20000a01   Data           1  process.o(.data)
    R_BigS_Flag1                             0x20000a02   Data           1  process.o(.data)
    R_BigS_Flag2                             0x20000a03   Data           1  process.o(.data)
    R_BigS_Flag3                             0x20000a04   Data           1  process.o(.data)
    R_BigS_Flag4                             0x20000a05   Data           1  process.o(.data)
    Small_SWanState                          0x20000a06   Data           1  process.o(.data)
    Small_SWanState2                         0x20000a07   Data           1  process.o(.data)
    S_HangL_1                                0x20000a08   Data           1  process.o(.data)
    S_HangL_2                                0x20000a09   Data           1  process.o(.data)
    S_HangR_1                                0x20000a0a   Data           1  process.o(.data)
    S_HangR_2                                0x20000a0b   Data           1  process.o(.data)
    S_wide_center1                           0x20000a0c   Data           4  process.o(.data)
    S_wide_center2                           0x20000a10   Data           4  process.o(.data)
    S_wide_lblack1                           0x20000a14   Data           4  process.o(.data)
    S_wide_lblack2                           0x20000a18   Data           4  process.o(.data)
    S_wide_rblack1                           0x20000a1c   Data           4  process.o(.data)
    S_wide_rblack2                           0x20000a20   Data           4  process.o(.data)
    huandaoflag                              0x20000a24   Data           1  process.o(.data)
    huandaozuoflag1                          0x20000a25   Data           1  process.o(.data)
    huandaozuoflag2                          0x20000a26   Data           1  process.o(.data)
    huandaozuoflag3                          0x20000a27   Data           1  process.o(.data)
    huandaozuosao                            0x20000a28   Data           1  process.o(.data)
    huandaozuosao1                           0x20000a29   Data           1  process.o(.data)
    huandaoyouflag1                          0x20000a2a   Data           1  process.o(.data)
    huandaoyouflag2                          0x20000a2b   Data           1  process.o(.data)
    huandaoyouflag3                          0x20000a2c   Data           1  process.o(.data)
    huandaoyousao                            0x20000a2d   Data           1  process.o(.data)
    huandaoyousao1                           0x20000a2e   Data           1  process.o(.data)
    leftall                                  0x20000a2f   Data           1  process.o(.data)
    rightall                                 0x20000a30   Data           1  process.o(.data)
    tubianyou                                0x20000a31   Data           1  process.o(.data)
    tubianzuo                                0x20000a32   Data           1  process.o(.data)
    huandaochu                               0x20000a33   Data           1  process.o(.data)
    huandaochu1                              0x20000a34   Data           1  process.o(.data)
    qingchuflag                              0x20000a35   Data           1  process.o(.data)
    huandaocnt                               0x20000a36   Data           1  process.o(.data)
    wanruzuo1                                0x20000a37   Data           1  process.o(.data)
    wanruzuo2                                0x20000a38   Data           1  process.o(.data)
    wanruzuo3                                0x20000a39   Data           1  process.o(.data)
    wanruyou1                                0x20000a3a   Data           1  process.o(.data)
    wanruyou2                                0x20000a3b   Data           1  process.o(.data)
    wanruyou3                                0x20000a3c   Data           1  process.o(.data)
    huandaoblackpoint                        0x20000a3d   Data           1  process.o(.data)
    ruflag                                   0x20000a3e   Data           1  process.o(.data)
    huandaowanflag                           0x20000a3f   Data           1  process.o(.data)
    normalhuan                               0x20000a40   Data           1  process.o(.data)
    huandaozuoguai                           0x20000a41   Data           1  process.o(.data)
    huandaoyouguai                           0x20000a42   Data           1  process.o(.data)
    khuan                                    0x20000a44   Data           4  process.o(.data)
    qipaojiance                              0x20000a48   Data           1  process.o(.data)
    Wide_Row_Space                           0x20000a49   Data           1  process.o(.data)
    Normal_Row_Space                         0x20000a4a   Data           1  process.o(.data)
    Narrow_Row_Space                         0x20000a4b   Data           1  process.o(.data)
    Ramp3_ClearFieldCnt                      0x20000a4c   Data           1  process.o(.data)
    stopflag                                 0x20000a4d   Data           1  process.o(.data)
    poflag                                   0x20000a4e   Data           1  process.o(.data)
    lefttrend                                0x20000a4f   Data           1  process.o(.data)
    righttrend                               0x20000a50   Data           1  process.o(.data)
    pojishu                                  0x20000a54   Data           4  process.o(.data)
    poqingchucnt                             0x20000a58   Data           1  process.o(.data)
    blockflag                                0x20000a59   Data           1  process.o(.data)
    Obstruction_L                            0x20000a5a   Data           1  process.o(.data)
    Obstruction_R                            0x20000a5b   Data           1  process.o(.data)
    Obstruction_LState                       0x20000a5c   Data           1  process.o(.data)
    Obstruction_RState                       0x20000a5d   Data           1  process.o(.data)
    Obstruction_L_EdgeH_Row                  0x20000a5e   Data           1  process.o(.data)
    Obstruction_R_EdgeH_Row                  0x20000a5f   Data           1  process.o(.data)
    Obstruction_L_Mid_Row                    0x20000a60   Data           1  process.o(.data)
    Obstruction_R_Mid_Row                    0x20000a61   Data           1  process.o(.data)
    Obstruction_L_EdgeL_Row                  0x20000a62   Data           1  process.o(.data)
    Obstruction_R_EdgeL_Row                  0x20000a63   Data           1  process.o(.data)
    Obstruction_L_EdgeL_Rank                 0x20000a64   Data           1  process.o(.data)
    Obstruction_R_EdgeL_Rank                 0x20000a65   Data           1  process.o(.data)
    Obstruction_L_EdgeR_Rank                 0x20000a66   Data           1  process.o(.data)
    Obstruction_R_EdgeR_Rank                 0x20000a67   Data           1  process.o(.data)
    Obstruction_narrow_cnt                   0x20000a68   Data           1  process.o(.data)
    Obstruction_0wide                        0x20000a69   Data           1  process.o(.data)
    Obstruction_0lastwide                    0x20000a6a   Data           1  process.o(.data)
    Obstruction_jumping_RowL                 0x20000a6b   Data           1  process.o(.data)
    Obstruction_jumping_RowH                 0x20000a6c   Data           1  process.o(.data)
    Obstruction_jumping_RowMid               0x20000a6d   Data           1  process.o(.data)
    Obstruction_Lin_cnt                      0x20000a6e   Data           1  process.o(.data)
    Obstruction_Rin_cnt                      0x20000a6f   Data           1  process.o(.data)
    Obstruction_Lout_cnt                     0x20000a70   Data           1  process.o(.data)
    Obstruction_Rout_cnt                     0x20000a71   Data           1  process.o(.data)
    Obstruction_L_Wan                        0x20000a72   Data           1  process.o(.data)
    Obstruction_R_Wan                        0x20000a73   Data           1  process.o(.data)
    zuotuchu                                 0x20000a74   Data           1  process.o(.data)
    zuotiaobian                              0x20000a75   Data           1  process.o(.data)
    youtuchu                                 0x20000a76   Data           1  process.o(.data)
    youtiaobian                              0x20000a77   Data           1  process.o(.data)
    Lwhitezhi                                0x20000a78   Data           1  process.o(.data)
    Lxflag                                   0x20000a79   Data           1  process.o(.data)
    Rwhitezhi                                0x20000a7a   Data           1  process.o(.data)
    Rxflag                                   0x20000a7b   Data           1  process.o(.data)
    CLxflag                                  0x20000a7c   Data           1  process.o(.data)
    CRxflag                                  0x20000a7d   Data           1  process.o(.data)
    chalucnt                                 0x20000a7e   Data           1  process.o(.data)
    huandaofangxiang                         0x20000a7f   Data           1  process.o(.data)
    Shizila_flagL                            0x20000a80   Data           1  process.o(.data)
    Shizila_flagR                            0x20000a81   Data           1  process.o(.data)
    huanchucnt                               0x20000a82   Data           1  process.o(.data)
    jumpmem                                  0x20000a83   Data           1  process.o(.data)
    jumppot                                  0x20000a84   Data           1  process.o(.data)
    cnt                                      0x20000a85   Data           1  process.o(.data)
    cnt1                                     0x20000a86   Data           1  process.o(.data)
    cnt2                                     0x20000a87   Data           1  process.o(.data)
    huandaogeshu                             0x20000a88   Data           1  process.o(.data)
    zhangaigeshu                             0x20000a89   Data           1  process.o(.data)
    podaogeshu                               0x20000a8a   Data           1  process.o(.data)
    firstscan                                0x20000a8b   Data           1  process.o(.data)
    scanchange                               0x20000a8c   Data           1  process.o(.data)
    crosscutflag                             0x20000a8d   Data           1  process.o(.data)
    scancnt                                  0x20000a8e   Data           1  process.o(.data)
    leftlost                                 0x20000a8f   Data           1  process.o(.data)
    rightlost                                0x20000a90   Data           1  process.o(.data)
    dahuanflag                               0x20000a91   Data           1  process.o(.data)
    Sony_HREFCnt                             0x20000a94   Data           2  sonyccd.o(.data)
    RealCnt                                  0x20000a96   Data           2  sonyccd.o(.data)
    CCD_flag                                 0x20000a98   Data           1  sonyccd.o(.data)
    YuZhi                                    0x20000a99   Data           1  sonyccd.o(.data)
    Sony_Rownum                              0x20000a9a   Data           1  sonyccd.o(.data)
    YuzhiAdd1                                0x20000a9b   Data           1  sonyccd.o(.data)
    CountChang                               0x20000a9c   Data           4  sonyccd.o(.data)
    P_Spot_H                                 0x20000aa0   Data         140  sonyccd.o(.data)
    P_Spot_W                                 0x20000b2c   Data         400  sonyccd.o(.data)
    p_H                                      0x20000cbc   Data           4  sonyccd.o(.data)
    p_DMA                                    0x20000cc0   Data           4  sonyccd.o(.data)
    PSonyCCD_Image                           0x20000cc4   Data           4  sonyccd.o(.data)
    Gyro_X                                   0x20000cc8   Data           2  l3g4200d.o(.data)
    Gyro_Y                                   0x20000cca   Data           2  l3g4200d.o(.data)
    Gyro_Z                                   0x20000ccc   Data           2  l3g4200d.o(.data)
    My_Send_Data                             0x20000cd0   Data        2657  sd_storage.o(.bss)
    my_car_data                              0x20001734   Data         200  sd_storage.o(.bss)
    my_lines                                 0x200017fc   Data         512  sd_storage.o(.bss)
    Pixels_zip                               0x200019fc   Data        1750  sd_storage.o(.bss)
    sdcard_temp                              0x200020d4   Data          24  sdhc.o(.bss)
    image                                    0x200020ec   Data       22560  seekfree_mt9v032.o(.bss)
    OLED_Pixels                              0x2000790c   Data        8192  seekfree_mt9v032.o(.bss)
    huandao_type                             0x2000990c   Data          16  data.o(.bss)
    Menu_name                                0x2000991c   Data         784  menu.o(.bss)
    runmodeflash                             0x20009c2c   Data        2000  menu.o(.bss)
    data0                                    0x2000a3fc   Data        2000  menu.o(.bss)
    data1                                    0x2000abcc   Data        2000  menu.o(.bss)
    data2                                    0x2000b39c   Data        2000  menu.o(.bss)
    data3                                    0x2000bb6c   Data        2000  menu.o(.bss)
    MotorPID                                 0x2000c340   Data          48  pidcontrol.o(.bss)
    L_black                                  0x2000c370   Data          70  process.o(.bss)
    R_black                                  0x2000c3b6   Data          70  process.o(.bss)
    LCenter                                  0x2000c3fc   Data          70  process.o(.bss)
    DMABuffer                                0x2000c442   Data         700  sonyccd.o(.bss)
    P_Pixels                                 0x2000c6fe   Data       14000  sonyccd.o(.bss)
    YuzhiFinal                               0x2000fdae   Data         200  sonyccd.o(.bss)
    __initial_sp                             0x20010278   Data           0  startup_mk66f18.o(STACK)



==============================================================================

Memory Map of the image

  Image Entry point : 0x00000411

  Load Region LR_IROM1 (Base: 0x00000000, Size: 0x00017928, Max: 0x00100000, ABSOLUTE, COMPRESSED[0x00017224])

    Execution Region ER_IROM1 (Base: 0x00000000, Size: 0x00016c58, Max: 0x00100000, ABSOLUTE)

    Base Addr    Size         Type   Attr      Idx    E Section Name        Object

    0x00000000   0x00000400   Data   RO         1736    RESET               startup_mk66f18.o
    0x00000400   0x00000010   Code   RO         1737    .ARM.__at_0x400     startup_mk66f18.o
    0x00000410   0x00000000   Code   RO         2331  * .ARM.Collect$$$$00000000  mc_w.l(entry.o)
    0x00000410   0x00000004   Code   RO         2392    .ARM.Collect$$$$00000001  mc_w.l(entry2.o)
    0x00000414   0x00000004   Code   RO         2395    .ARM.Collect$$$$00000004  mc_w.l(entry5.o)
    0x00000418   0x00000000   Code   RO         2397    .ARM.Collect$$$$00000008  mc_w.l(entry7b.o)
    0x00000418   0x00000000   Code   RO         2399    .ARM.Collect$$$$0000000A  mc_w.l(entry8b.o)
    0x00000418   0x00000008   Code   RO         2400    .ARM.Collect$$$$0000000B  mc_w.l(entry9a.o)
    0x00000420   0x00000000   Code   RO         2402    .ARM.Collect$$$$0000000D  mc_w.l(entry10a.o)
    0x00000420   0x00000000   Code   RO         2404    .ARM.Collect$$$$0000000F  mc_w.l(entry11a.o)
    0x00000420   0x00000004   Code   RO         2393    .ARM.Collect$$$$00002712  mc_w.l(entry2.o)
    0x00000424   0x00000002   Code   RO          332    .emb_text           isr.o
    0x00000426   0x00000002   PAD
    0x00000428   0x00000028   Code   RO         1738    .text               startup_mk66f18.o
    0x00000450   0x00000024   Code   RO         2334    .text               mc_w.l(memcpya.o)
    0x00000474   0x00000012   Code   RO         2336    .text               mc_w.l(strcpy.o)
    0x00000486   0x0000014e   Code   RO         2368    .text               mf_w.l(dadd.o)
    0x000005d4   0x000000e4   Code   RO         2370    .text               mf_w.l(dmul.o)
    0x000006b8   0x000000de   Code   RO         2372    .text               mf_w.l(ddiv.o)
    0x00000796   0x00000022   Code   RO         2376    .text               mf_w.l(dflti.o)
    0x000007b8   0x0000001a   Code   RO         2378    .text               mf_w.l(dfltui.o)
    0x000007d2   0x0000003e   Code   RO         2380    .text               mf_w.l(dfixi.o)
    0x00000810   0x00000032   Code   RO         2382    .text               mf_w.l(dfixui.o)
    0x00000842   0x00000026   Code   RO         2384    .text               mf_w.l(f2d.o)
    0x00000868   0x00000030   Code   RO         2386    .text               mf_w.l(cdcmple.o)
    0x00000898   0x00000030   Code   RO         2388    .text               mf_w.l(cdrcmple.o)
    0x000008c8   0x00000038   Code   RO         2390    .text               mf_w.l(d2f.o)
    0x00000900   0x0000001e   Code   RO         2406    .text               mc_w.l(llshl.o)
    0x0000091e   0x00000020   Code   RO         2408    .text               mc_w.l(llushr.o)
    0x0000093e   0x00000024   Code   RO         2410    .text               mc_w.l(llsshr.o)
    0x00000962   0x00000000   Code   RO         2414    .text               mc_w.l(iusefp.o)
    0x00000962   0x0000006e   Code   RO         2415    .text               mf_w.l(fepilogue.o)
    0x000009d0   0x000000ba   Code   RO         2417    .text               mf_w.l(depilogue.o)
    0x00000a8a   0x00000002   PAD
    0x00000a8c   0x00000024   Code   RO         2419    .text               mc_w.l(init.o)
    0x00000ab0   0x0000005e   Code   RO         2429    .text               mc_w.l(__dclz77c.o)
    0x00000b0e   0x00000008   Code   RO          333    i.BusFault_Handler  isr.o
    0x00000b16   0x00000002   PAD
    0x00000b18   0x000002b0   Code   RO         1911    i.Center_Scan       process.o
    0x00000dc8   0x00000016   Code   RO         1912    i.Check_Overrun199  process.o
    0x00000dde   0x00000016   Code   RO         1913    i.Check_Overrun69   process.o
    0x00000df4   0x000000c4   Code   RO         2076    i.DMA0_IRQHandler   sonyccd.o
    0x00000eb8   0x00000022   Code   RO         1291    i.DMACNT_GetValue   dmacnt.o
    0x00000eda   0x00000002   PAD
    0x00000edc   0x0000005c   Code   RO         1292    i.DMACNT_Init       dmacnt.o
    0x00000f38   0x00000014   Code   RO         1293    i.DMA_GetCurrDataCounter  dmacnt.o
    0x00000f4c   0x0000014c   Code   RO         1334    i.DMA_Init          dma_old.o
    0x00001098   0x0000001c   Code   RO         1335    i.DMA_IsComplete    dma_old.o
    0x000010b4   0x00000014   Code   RO         1294    i.DMA_SetCurrDataCounter  dmacnt.o
    0x000010c8   0x00000028   Code   RO         1336    i.DMA_SetEnableReq  dma_old.o
    0x000010f0   0x0000001c   Code   RO            3    i.Disable_Wdog      system_mk66.o
    0x0000110c   0x00000060   Code   RO         1382    i.DisplayImage_WithOLED  seekfree_mt9v032.o
    0x0000116c   0x0000015c   Code   RO         1914    i.Edge_Scan         process.o
    0x000012c8   0x00000034   Code   RO          583    i.FLASH_EraseSector  flash.o
    0x000012fc   0x0000000c   Code   RO          585    i.FLASH_Init        flash.o
    0x00001308   0x00000016   Code   RO          586    i.FLASH_ReadByte    flash.o
    0x0000131e   0x00000002   PAD
    0x00001320   0x00000084   Code   RO          587    i.FLASH_WriteSector  flash.o
    0x000013a4   0x00000068   Code   RO          635    i.FTM_PWM_ChangeDuty  ftm.o
    0x0000140c   0x0000010c   Code   RO          636    i.FTM_port_mux      ftm.o
    0x00001518   0x00009efc   Code   RO         1915    i.FieldProcess      process.o
    0x0000b414   0x00000034   Code   RO          588    i.FlashCmdStart     flash.o
    0x0000b448   0x00000128   Code   RO           89    i.Get_SendData      sd_storage.o
    0x0000b570   0x00000148   Code   RO         1916    i.Get_lineeffect    process.o
    0x0000b6b8   0x00000008   Code   RO          334    i.HardFault_Handler  isr.o
    0x0000b6c0   0x00000030   Code   RO         2163    i.IIC_start         imu_iic.o
    0x0000b6f0   0x00000030   Code   RO         2164    i.IIC_stop          imu_iic.o
    0x0000b720   0x00000018   Code   RO         2165    i.IMU_IIC_Init      imu_iic.o
    0x0000b738   0x00000080   Code   RO         1383    i.ImageGet_Pixels   seekfree_mt9v032.o
    0x0000b7b8   0x00002444   Code   RO         1917    i.ImageProcess      process.o
    0x0000dbfc   0x0000034c   Code   RO         1918    i.Image_Init        process.o
    0x0000df48   0x0000007c   Code   RO         1919    i.K                 process.o
    0x0000dfc4   0x00000084   Code   RO          286    i.KEY_Init          key.o
    0x0000e048   0x00000058   Code   RO         2257    i.L3G4200D_GetResult  l3g4200d.o
    0x0000e0a0   0x0000005c   Code   RO         2258    i.L3G4200D_Init     l3g4200d.o
    0x0000e0fc   0x00000014   Code   RO         2259    i.L3G4200D_XYZ      l3g4200d.o
    0x0000e110   0x0000002c   Code   RO         2260    i.L3G4200D_readbyte  l3g4200d.o
    0x0000e13c   0x00000022   Code   RO         2261    i.L3G4200D_writebyte  l3g4200d.o
    0x0000e15e   0x0000000e   Code   RO         1920    i.MaxNum            process.o
    0x0000e16c   0x00000008   Code   RO          335    i.MemManage_Handler  isr.o
    0x0000e174   0x0000000e   Code   RO         1921    i.MinNum            process.o
    0x0000e182   0x00000002   PAD
    0x0000e184   0x00000118   Code   RO         1821    i.Motor_PID         pidcontrol.o
    0x0000e29c   0x00000108   Code   RO           90    i.My_Data_Give      sd_storage.o
    0x0000e3a4   0x0000007c   Code   RO           91    i.My_Data_Uart_Init  sd_storage.o
    0x0000e420   0x0000003c   Code   RO           92    i.My_Lines_Pack     sd_storage.o
    0x0000e45c   0x00000040   Code   RO           93    i.My_Lines_UnPack   sd_storage.o
    0x0000e49c   0x00000010   Code   RO           94    i.My_LiveTransfer   sd_storage.o
    0x0000e4ac   0x00000012   Code   RO           95    i.My_SdCard_Init    sd_storage.o
    0x0000e4be   0x00000002   PAD
    0x0000e4c0   0x000000dc   Code   RO           96    i.My_SdCard_Read    sd_storage.o
    0x0000e59c   0x000000c4   Code   RO           97    i.My_SdCard_Save    sd_storage.o
    0x0000e660   0x00000014   Code   RO           98    i.My_Tranfer_Init   sd_storage.o
    0x0000e674   0x0000001e   Code   RO           99    i.My_floattoint32   sd_storage.o
    0x0000e692   0x00000008   Code   RO          336    i.NMI_Handler       isr.o
    0x0000e69a   0x00000016   Code   RO         2077    i.NVIC_EnableIRQ    sonyccd.o
    0x0000e6b0   0x00000038   Code   RO         1611    i.OLED_Clear        oled.o
    0x0000e6e8   0x0000001c   Code   RO         1612    i.OLED_Delay_ms     oled.o
    0x0000e704   0x000000dc   Code   RO         1613    i.OLED_Init         oled.o
    0x0000e7e0   0x00000010   Code   RO         1614    i.OLED_Pin_Init     oled.o
    0x0000e7f0   0x00000028   Code   RO         1615    i.OLED_Set_XY       oled.o
    0x0000e818   0x00000050   Code   RO         1616    i.OLED_WrCmd        oled.o
    0x0000e868   0x00000050   Code   RO         1617    i.OLED_WrDat        oled.o
    0x0000e8b8   0x0000011c   Code   RO         1618    i.OLED_Write_Char   oled.o
    0x0000e9d4   0x00000078   Code   RO         1626    i.OLED_Write_Num4   oled.o
    0x0000ea4c   0x00000028   Code   RO         1628    i.OLED_Write_String  oled.o
    0x0000ea74   0x00000014   Code   RO          337    i.PIT1_IRQHandler   isr.o
    0x0000ea88   0x00000002   Code   RO          338    i.PIT2_IRQHandler   isr.o
    0x0000ea8a   0x00000002   PAD
    0x0000ea8c   0x0000004c   Code   RO         2079    i.PORTA_IRQHandler  sonyccd.o
    0x0000ead8   0x00000002   Code   RO          339    i.PORTC_IRQHandler  isr.o
    0x0000eada   0x00000002   PAD
    0x0000eadc   0x000003d8   Code   RO         2080    i.PORTD_IRQHandler  sonyccd.o
    0x0000eeb4   0x00000014   Code   RO          340    i.PORTE_IRQHandler  isr.o
    0x0000eec8   0x00000028   Code   RO         1499    i.SD_ManyWT_Init    sd_yaoxin.o
    0x0000eef0   0x00000040   Code   RO         1500    i.SD_Many_Write     sd_yaoxin.o
    0x0000ef30   0x000000b8   Code   RO            4    i.SYSTEM_CLK        system_mk66.o
    0x0000efe8   0x00000030   Code   RO          100    i.Send_to_Computer  sd_storage.o
    0x0000f018   0x00000010   Code   RO         1922    i.SignalProcess     process.o
    0x0000f028   0x0000009c   Code   RO         2081    i.SonyCCD_Init      sonyccd.o
    0x0000f0c4   0x000005b6   Code   RO         2315    i.Speed_Fuzzy       newfuzzy1.o
    0x0000f67a   0x00000002   PAD
    0x0000f67c   0x00000028   Code   RO            5    i.Start             system_mk66.o
    0x0000f6a4   0x00000002   Code   RO          341    i.UART0_RX_TX_IRQHandler  isr.o
    0x0000f6a6   0x00000002   PAD
    0x0000f6a8   0x0000001c   Code   RO          342    i.UART3_RX_TX_IRQHandler  isr.o
    0x0000f6c4   0x00000008   Code   RO          343    i.UsageFault_Handler  isr.o
    0x0000f6cc   0x00000058   Code   RO         1388    i.VSYNC             seekfree_mt9v032.o
    0x0000f724   0x0000000e   Code   RO         2423    i.__scatterload_copy  mc_w.l(handlers.o)
    0x0000f732   0x00000002   Code   RO         2424    i.__scatterload_null  mc_w.l(handlers.o)
    0x0000f734   0x0000000e   Code   RO         2425    i.__scatterload_zeroinit  mc_w.l(handlers.o)
    0x0000f742   0x00000002   Code   RO          287    i.buzzer_Init       key.o
    0x0000f744   0x00000138   Code   RO         1923    i.dajiaochange      process.o
    0x0000f87c   0x0000004c   Code   RO            6    i.div_set           system_mk66.o
    0x0000f8c8   0x00000188   Code   RO          552    i.dma_portx2buff_init_new  dma.o
    0x0000fa50   0x00000160   Code   RO          553    i.dma_portx2buff_init_new2  dma.o
    0x0000fbb0   0x00000088   Code   RO         1924    i.door              process.o
    0x0000fc38   0x00000010   Code   RO         1925    i.fab1              process.o
    0x0000fc48   0x0000000e   Code   RO         1926    i.fabss             process.o
    0x0000fc56   0x00000002   PAD
    0x0000fc58   0x0000011c   Code   RO          641    i.ftm_pwm_init      ftm.o
    0x0000fd74   0x00000074   Code   RO          496    i.get_clk           common.o
    0x0000fde8   0x00000168   Code   RO          719    i.gpio_init         gpio.o
    0x0000ff50   0x00000048   Code   RO          720    i.gpio_set          gpio.o
    0x0000ff98   0x000000e4   Code   RO         1824    i.huandaopid        pidcontrol.o
    0x0001007c   0x00000554   Code   RO         1927    i.kind              process.o
    0x000105d0   0x000000f8   Code   RO         1929    i.kind_huancnt      process.o
    0x000106c8   0x00000094   Code   RO         1930    i.kind_slopecnt     process.o
    0x0001075c   0x00000128   Code   RO         1931    i.kjudge            process.o
    0x00010884   0x00000120   Code   RO         1825    i.lianwanyou        pidcontrol.o
    0x000109a4   0x00000120   Code   RO         1826    i.lianwanzuo        pidcontrol.o
    0x00010ac4   0x000000e4   Code   RO         1827    i.longstraightpid   pidcontrol.o
    0x00010ba8   0x000000b8   Code   RO          312    i.main              main.o
    0x00010c60   0x00002b64   Code   RO         1759    i.menu              menu.o
    0x000137c4   0x000000e0   Code   RO         1760    i.mode1             menu.o
    0x000138a4   0x00000028   Code   RO         1761    i.mode2             menu.o
    0x000138cc   0x000000f4   Code   RO         1762    i.mode3             menu.o
    0x000139c0   0x0000003c   Code   RO         1763    i.mode4             menu.o
    0x000139fc   0x0000002c   Code   RO         1764    i.mode5             menu.o
    0x00013a28   0x000000cc   Code   RO         1765    i.mode6             menu.o
    0x00013af4   0x00000050   Code   RO         1392    i.mt9v032_cof_uart_interrupt  seekfree_mt9v032.o
    0x00013b44   0x0000000e   Code   RO         2166    i.nops              imu_iic.o
    0x00013b52   0x00000002   PAD
    0x00013b54   0x00000074   Code   RO          989    i.port_init         port.o
    0x00013bc8   0x00000038   Code   RO         1828    i.protect           pidcontrol.o
    0x00013c00   0x0000007c   Code   RO         1932    i.racewide          process.o
    0x00013c7c   0x000000cc   Code   RO         2167    i.read_byte         imu_iic.o
    0x00013d48   0x00001770   Code   RO         1933    i.run               process.o
    0x000154b8   0x000000bc   Code   RO         1017    i.sdhc_init         sdhc.o
    0x00015574   0x00000250   Code   RO         1020    i.sdhc_initcard_40  sdhc.o
    0x000157c4   0x00000068   Code   RO         1021    i.sdhc_initgpio     sdhc.o
    0x0001582c   0x000003e4   Code   RO         1022    i.sdhc_ioc          sdhc.o
    0x00015c10   0x00000018   Code   RO         1023    i.sdhc_isrunning    sdhc.o
    0x00015c28   0x00000114   Code   RO         1024    i.sdhc_read         sdhc.o
    0x00015d3c   0x00000088   Code   RO         1025    i.sdhc_readblocks   sdhc.o
    0x00015dc4   0x00000120   Code   RO         1026    i.sdhc_sendcommand  sdhc.o
    0x00015ee4   0x000000e8   Code   RO         1027    i.sdhc_setbaudrate  sdhc.o
    0x00015fcc   0x00000018   Code   RO         1028    i.sdhc_waitstatus   sdhc.o
    0x00015fe4   0x0000006c   Code   RO         2171    i.send_byte         imu_iic.o
    0x00016050   0x000000dc   Code   RO         1829    i.smallspid         pidcontrol.o
    0x0001612c   0x00000044   Code   RO         1934    i.steercontrol      process.o
    0x00016170   0x000000e4   Code   RO         1830    i.straightpid       pidcontrol.o
    0x00016254   0x0000002c   Code   RO          863    i.systick_delay     systick.o
    0x00016280   0x00000024   Code   RO          864    i.systick_delay_ms  systick.o
    0x000162a4   0x00000018   Code   RO         2262    i.tly_delay         l3g4200d.o
    0x000162bc   0x000000e4   Code   RO         1831    i.turnpidyou        pidcontrol.o
    0x000163a0   0x000000e4   Code   RO         1832    i.turnpidzuo        pidcontrol.o
    0x00016484   0x00000024   Code   RO         1151    i.uart_getchar      uart.o
    0x000164a8   0x000001d8   Code   RO         1152    i.uart_init         uart.o
    0x00016680   0x00000010   Data   RO          645    .constdata          ftm.o
    0x00016690   0x00000028   Data   RO          722    .constdata          gpio.o
    0x000166b8   0x00000028   Data   RO          991    .constdata          port.o
    0x000166e0   0x00000480   Data   RO         1629    .constdata          oled.o
    0x00016b60   0x000000d8   Data   RO         2316    .constdata          newfuzzy1.o
    0x00016c38   0x00000020   Data   RO         2421    Region$$Table       anon$$obj.o


    Execution Region RW_IRAM1 (Base: 0x20000000, Size: 0x00010278, Max: 0x00030000, ABSOLUTE, COMPRESSED[0x000005cc])

    Base Addr    Size         Type   Attr      Idx    E Section Name        Object

    0x20000000   0x00000004   Data   RW          102    .data               sd_storage.o
    0x20000004   0x0000000c   Data   RW          497    .data               common.o
    0x20000010   0x00000014   Data   RW          589    .data               flash.o
    0x20000024   0x00000006   Data   RW          646    .data               ftm.o
    0x2000002a   0x00000002   PAD
    0x2000002c   0x00000004   Data   RW         1032    .data               sdhc.o
    0x20000030   0x00000014   Data   RW         1161    .data               uart.o
    0x20000044   0x00000001   Data   RW         1295    .data               dmacnt.o
    0x20000045   0x00000001   PAD
    0x20000046   0x00000316   Data   RW         1398    .data               seekfree_mt9v032.o
    0x2000035c   0x000004ee   Data   RW         1745    .data               data.o
    0x2000084a   0x00000002   PAD
    0x2000084c   0x0000000d   Data   RW         1767    .data               menu.o
    0x20000859   0x00000003   PAD
    0x2000085c   0x00000038   Data   RW         1834    .data               pidcontrol.o
    0x20000894   0x00000004   PAD
    0x20000898   0x000001fa   Data   RW         1936    .data               process.o
    0x20000a92   0x00000002   PAD
    0x20000a94   0x00000234   Data   RW         2085    .data               sonyccd.o
    0x20000cc8   0x00000006   Data   RW         2263    .data               l3g4200d.o
    0x20000cce   0x00000002   PAD
    0x20000cd0   0x00001402   Zero   RW          101    .bss                sd_storage.o
    0x200020d2   0x00000002   PAD
    0x200020d4   0x00000018   Zero   RW         1031    .bss                sdhc.o
    0x200020ec   0x00007820   Zero   RW         1397    .bss                seekfree_mt9v032.o
    0x2000990c   0x00000010   Zero   RW         1744    .bss                data.o
    0x2000991c   0x00002a20   Zero   RW         1766    .bss                menu.o
    0x2000c33c   0x00000004   PAD
    0x2000c340   0x00000030   Zero   RW         1833    .bss                pidcontrol.o
    0x2000c370   0x000000d2   Zero   RW         1935    .bss                process.o
    0x2000c442   0x00003a34   Zero   RW         2083    .bss                sonyccd.o
    0x2000fe76   0x00000002   PAD
    0x2000fe78   0x00000400   Zero   RW         1734    STACK               startup_mk66f18.o


==============================================================================

Image component sizes


      Code (inc. data)   RO Data    RW Data    ZI Data      Debug   Object Name

       116         22          0         12          0       2768   common.o
         0          0          0       1262         16       2799   data.o
       744         38          0          0          0       2017   dma.o
       400         20          0          0          0       2143   dma_old.o
       166         24          0          1          0       2722   dmacnt.o
       270         30          0         20          0       4358   flash.o
       656         34         16          6          0      27631   ftm.o
       432         20         40          0          0       1895   gpio.o
       446         32          0          0          0       3485   imu_iic.o
       116         16          0          0          0       5846   isr.o
       134          6          0          0          0       1029   key.o
       302          4          0          6          0       4168   l3g4200d.o
       184         30          0          0          0        623   main.o
     11924       2216          0         13      10784      13455   menu.o
      1462          8        216          0          0       1642   newfuzzy1.o
       964          6       1152          0          0       7082   oled.o
      2272        356          0         56         48       8211   pidcontrol.o
       116         14         40          0          0       1180   port.o
     61130       5794          0        506        210      54738   process.o
      1356        180          0          4       5122      25505   sd_storage.o
       104         14          0          0          0       1669   sd_yaoxin.o
      2860        178          0          4         24       8952   sdhc.o
       392         58          0        790      30752       6220   seekfree_mt9v032.o
      1434        170          0        564      14900       5097   sonyccd.o
        56         24       1024          0       1024       1136   startup_mk66f18.o
       328         34          0          0          0     730236   system_mk66.o
        80          4          0          0          0       1127   systick.o
       508         32          0         20          0      26681   uart.o

    ----------------------------------------------------------------------
     88976       9364       2520       3280      62888     954415   Object Totals
         0          0         32          0          0          0   (incl. Generated)
        24          0          0         16          8          0   (incl. Padding)

    ----------------------------------------------------------------------

      Code (inc. data)   RO Data    RW Data    ZI Data      Debug   Library Member Name

        94          0          0          0          0          0   __dclz77c.o
         0          0          0          0          0          0   entry.o
         0          0          0          0          0          0   entry10a.o
         0          0          0          0          0          0   entry11a.o
         8          4          0          0          0          0   entry2.o
         4          0          0          0          0          0   entry5.o
         0          0          0          0          0          0   entry7b.o
         0          0          0          0          0          0   entry8b.o
         8          4          0          0          0          0   entry9a.o
        30          0          0          0          0          0   handlers.o
        36          8          0          0          0         68   init.o
         0          0          0          0          0          0   iusefp.o
        30          0          0          0          0         68   llshl.o
        36          0          0          0          0         68   llsshr.o
        32          0          0          0          0         68   llushr.o
        36          0          0          0          0         68   memcpya.o
        18          0          0          0          0         68   strcpy.o
        48          0          0          0          0         68   cdcmple.o
        48          0          0          0          0         68   cdrcmple.o
        56          0          0          0          0         88   d2f.o
       334          0          0          0          0        148   dadd.o
       222          0          0          0          0        100   ddiv.o
       186          0          0          0          0        176   depilogue.o
        62          0          0          0          0         80   dfixi.o
        50          0          0          0          0         76   dfixui.o
        34          0          0          0          0         76   dflti.o
        26          0          0          0          0         76   dfltui.o
       228          0          0          0          0         96   dmul.o
        38          0          0          0          0         68   f2d.o
       110          0          0          0          0        168   fepilogue.o

    ----------------------------------------------------------------------
      1776         16          0          0          0       1696   Library Totals
         2          0          0          0          0          0   (incl. Padding)

    ----------------------------------------------------------------------

      Code (inc. data)   RO Data    RW Data    ZI Data      Debug   Library Name

       332         16          0          0          0        408   mc_w.l
      1442          0          0          0          0       1288   mf_w.l

    ----------------------------------------------------------------------
      1776         16          0          0          0       1696   Library Totals

    ----------------------------------------------------------------------

==============================================================================


      Code (inc. data)   RO Data    RW Data    ZI Data      Debug   

     90752       9380       2520       3280      62888     942263   Grand Totals
     90752       9380       2520       1484      62888     942263   ELF Image Totals (compressed)
     90752       9380       2520       1484          0          0   ROM Totals

==============================================================================

    Total RO  Size (Code + RO Data)                93272 (  91.09kB)
    Total RW  Size (RW Data + ZI Data)             66168 (  64.62kB)
    Total ROM Size (Code + RO Data + RW Data)      94756 (  92.54kB)

==============================================================================

